// Vitest Snapshot v1, https://vitest.dev/guide/snapshot.html

exports[`jest.SpyInstance -> MockInstance > replaces jest SpyInstance with vi MockInstance 1`] = `
"import { beforeEach, type MockInstance } from 'vitest';

type Spied = MockInstance<string>
    
    beforeEach(() => { setActivePinia(createTestingPinia()) })"
`;
